---
source: tests/view/map_input_to_commands.rs
expression: output.unwrap()
---
- SubmitRequest:
    request:
      url:
        ValidatedUrl:
          protocol: ~
          host: localhost
          port: 8080
          paths: []
          query_params:
            - - search
              - Rust
            - - country
              - br
          anchor: ~
      method: GET
      headers: {}
      body:
        Raw: ""
    view_options:
      print_body_only: false
