---
source: tests/view/map_input_to_commands.rs
expression: output
---
- SubmitRequest:
    request:
      url:
        ValidatedUrl:
          protocol: ~
          host: url.com
          port: ~
          paths: []
          query_params: []
          anchor: ~
      method: PUT
      headers: {}
      body:
        Raw: ""
    view_options:
      print_body_only: false
      suppress_output: false
